fh16gw_driveline_t.engine_speed:opendlv.proxy.rhino.Driveline.engineSpeed
fh16gw_driveline_t.engine_torque:opendlv.proxy.rhino.Driveline.engineTorque
fh16gw_driveline_t.current_gear:opendlv.proxy.rhino.Driveline.currentGear
fh16gw_manual_driver_t.acceleration_pedal_position:opendlv.proxy.rhino.ManualControl.accelerationPedalPosition
fh16gw_manual_driver_t.brake_pedal_position:opendlv.proxy.rhino.ManualControl.brakePedalPosition
fh16gw_manual_driver_t.torsion_bar_torque:opendlv.proxy.rhino.ManualControl.torsionBarTorque
fh16gw_acceleration_request_t.acceleration_request_pedal:opendlv.proxy.rhino.AccelerationRequest.accelerationPedalPosition
fh16gw_acceleration_request_t.enable_acc_request:opendlv.proxy.rhino.AccelerationRequest.enableRequest
fh16gw_brake_request_t.brake_request:opendlv.proxy.rhino.BrakeRequest.brake
fh16gw_brake_request_t.enable_brake_request:opendlv.proxy.rhino.BrakeRequest.enableRequest
fh16gw_steer_request_t.steer_req_delta_trq:opendlv.proxy.rhino.SteeringRequest.steeringDeltaTorque
fh16gw_steer_request_t.steer_req_rwa:opendlv.proxy.rhino.SteeringRequest.steeringRoadWheelAngle
fh16gw_steer_request_t.enable_steer_req:opendlv.proxy.rhino.SteeringRequest.enableRequest
fh16gw_axle_loads_t.front_axle1_load:opendlv.proxy.rhino.Axles.loadAxle11
fh16gw_axle_loads_t.drive_axle1_load:opendlv.proxy.rhino.Axles.loadAxle12
fh16gw_axle_loads_t.drive_axle2_load:opendlv.proxy.rhino.Axles.loadAxle13
fh16gw_vehicle_speed_t.vehicle_speed_prop_shaft:opendlv.proxy.rhino.Propulsion.propulsionShaftVehicleSpeed
fh16gw_wheel_speeds2_t.drive_axle2_wheel_speed_left:opendlv.proxy.rhino.Wheels.speedWheel131
fh16gw_wheel_speeds2_t.drive_axle2_wheel_speed_right:opendlv.proxy.rhino.Wheels.speedWheel132
fh16gw_wheel_speeds1_t.front_axle1_wheel_speed_left:opendlv.proxy.rhino.Wheels.speedWheel111
fh16gw_wheel_speeds1_t.front_axle1_wheel_speed_right:opendlv.proxy.rhino.Wheels.speedWheel112
fh16gw_wheel_speeds1_t.drive_axle1_wheel_speed_left:opendlv.proxy.rhino.Wheels.speedWheel121
fh16gw_wheel_speeds1_t.drive_axle1_wheel_speed_right:opendlv.proxy.rhino.Wheels.speedWheel122
fh16gw_vehicle_dynamics_t.acceleration_x:opendlv.proxy.rhino.VehicleState.accelerationX
fh16gw_vehicle_dynamics_t.acceleration_y:opendlv.proxy.rhino.VehicleState.accelerationY
fh16gw_vehicle_dynamics_t.yaw_rate:opendlv.proxy.rhino.VehicleState.yawRate
fh16gw_steering_t.road_wheel_angle:opendlv.proxy.rhino.Steering.roadWheelAngle
fh16gw_steering_t.steering_wheel_angle:opendlv.proxy.rhino.Steering.steeringWheelAngle
